---
source: crates/rolldown/tests/common/case.rs
expression: content
input_file: crates/rolldown/tests/esbuild/lower/lower_async2016_no_bundle
---
# Assets

## entry_js.mjs

```js

//#region entry.js
async function foo(bar) {
	await bar;
	return [this, arguments];
}
class Foo {
	async foo(){
	}
}
var entry_default = [foo, Foo, async function() {
}, async() => {
}, {
	async foo(){
	}
}, class {
	async foo(){
	}
}, function() {
	return async bar => {
		await bar;
		return [this, arguments];
	};
},];

//#endregion
export { entry_default as default };
```
