---
source: crates/rolldown/tests/common/case.rs
expression: content
input_file: crates/rolldown/tests/esbuild/default/export_forms_common_js
---
# Assets

## entry_js.mjs

```js
import { __esmMin, __export, __toCommonJS } from "./$runtime$.mjs";

// a.js
var abc;
var init_a = __esmMin(() => {
	abc = undefined;
});

// b.js
var init_b = __esmMin(() => {
});

// commonjs.js
var commonjs_ns;
var init_commonjs = __esmMin(() => {
	commonjs_ns = {};
	__export(commonjs_ns, {});
	init_a();
	init_b();
});

// c.js
var c_ns;
var init_c = __esmMin(() => {
	c_ns = {};
	__export(c_ns, {});
});

// d.js
var d_ns, Foo;
var init_d = __esmMin(() => {
	d_ns = {};
	__export(d_ns, {});
	Foo = class {
	};
	Foo.prop = 123;
});

// e.js
var e_ns;
var init_e = __esmMin(() => {
	e_ns = {};
	__export(e_ns, {});
});

// f.js
function foo$1() {
}
var f_ns;
var init_f = __esmMin(() => {
	f_ns = {};
	__export(f_ns, {});
	foo$1.prop = 123;
});

// g.js
var g_ns;
var init_g = __esmMin(() => {
	g_ns = {};
	__export(g_ns, {});
});

// h.js
async function foo() {
}
var h_ns;
var init_h = __esmMin(() => {
	h_ns = {};
	__export(h_ns, {});
	foo.prop = 123;
});

// entry.js
init_commonjs(),__toCommonJS(commonjs_ns);
init_c(),__toCommonJS(c_ns);
init_d(),__toCommonJS(d_ns);
init_e(),__toCommonJS(e_ns);
init_f(),__toCommonJS(f_ns);
init_g(),__toCommonJS(g_ns);
init_h(),__toCommonJS(h_ns);
```
