---
source: crates/rolldown_testing/src/integration_test.rs
---
# Assets

## main.mjs

```js


//#region cjs.js
var require_cjs = __commonJSMin((exports, module) => {
	module.exports.a = {};
});

//#endregion
//#region main.js
var import_cjs = __toESM(require_cjs());
var import_cjs$1 = __toESM(require_cjs());

//#endregion
var export_default = import_cjs.a;
var export_default = import_cjs$1.a;
export { export_default as a, export_default as a2 };
```
