---
source: crates/rolldown_testing/src/case/case.rs
expression: content
input_file: crates/rolldown/tests/esbuild/bundler_ts/ts_enum_cross_module_inlining_re_export
---
# Assets

## entry_js.mjs

```js

//#region enums.ts
let a = function(a$1) {
	a$1['x'] = 'a';
	return a$1;
}({});
let b = function(b$1) {
	b$1['x'] = 'b';
	return b$1;
}({});
let c = function(c$1) {
	c$1['x'] = 'c';
	return c$1;
}({});

//#endregion
//#region entry.js
console.log([a.x, b.x, c.x,]);

//#endregion
```
