---
source: crates/rolldown/tests/common/case.rs
expression: content
input_file: crates/rolldown/tests/esbuild/lower/lower_class_field_next_no_bundle
---
# Assets

## entry_js.mjs

```js

```
