---
source: crates/rolldown/tests/common/case.rs
expression: content
input_file: crates/rolldown/tests/fixtures/misc/basic
---
# Assets

## main.mjs

```js
//#region shared.js
const a$1 = 'shared.js';

//#endregion

//#region main.js
const a = 'index.js';
console.log(a, a$1);

//#endregion

//# sourceMappingURL=main.mjs.map
```

# Sourcemap Visualizer

- ../shared.js
(0:0-0:6) "const " --> (2:0-2:6) "\nconst"
(0:6-0:10) "a = " --> (2:6-2:12) " a$1 ="
(0:10-2:13) "'shared.js'\n\nexport { a }" --> (2:12-7:0) " 'shared.js';\n\n//#endregion\n\n//#region main.js"
- ../main.js
(1:0-1:6) "\nconst" --> (7:0-7:6) "\nconst"
(1:6-1:10) " a =" --> (7:6-7:10) " a ="
(1:10-2:0) " 'index.js'" --> (7:10-8:0) " 'index.js';"
(2:0-2:8) "\nconsole" --> (8:0-8:8) "\nconsole"
(2:8-2:12) ".log" --> (8:8-8:12) ".log"
(2:12-2:15) "(a," --> (8:12-8:15) "(a,"
(2:15-2:18) " a2" --> (8:15-8:19) " a$1"
(2:18-3:1) ")\n" --> (8:19-12:34) ");\n\n//#endregion\n\n//# sourceMappingURL=main.mjs.map"
