---
source: crates/rolldown/tests/common/case.rs
expression: content
input_file: crates/rolldown/tests/esbuild/lower/lower_forbid_strict_mode_syntax
---
# Assets

## entry_js.mjs

```js

//#region with.js
with(x)y;

//#endregion
//#region delete-1.js
delete x;

//#endregion
//#region delete-2.js
delete y;

//#endregion
//#region delete-3.js
delete (1 ? z : z);

//#endregion
```
