---
source: crates/rolldown_testing/src/integration_test.rs
expression: snapshot
input_file: crates/rolldown/tests/fixtures/semantic/export_star_from_external_as_shared_entries_cjs
---
# Assets

## entry.cjs

```js
"use strict";
const { main_ns } = require("./main.cjs");

```
## entry2.cjs

```js
"use strict";
const { main_ns } = require("./main.cjs");

```
## main.cjs

```js
"use strict";

require("node:fs");

//#region main.js
var main_ns = {};
__reExport(main_ns, require("node:fs"));

//#endregion
exports.main_ns = main_ns;

```
