---
source: crates/rolldown_testing/src/integration_test.rs
---
# Assets

## main.mjs

```js


//#region star-empty.js
var require_star_empty = __commonJSMin((exports, module) => {});

//#endregion
//#region default-empty.js
var require_default_empty = __commonJSMin((exports, module) => {});

//#endregion
//#region main.js
var import_star_empty = __toESM(require_star_empty());
var import_default_empty = __toESM(require_default_empty());

//#endregion
var export_default = import_default_empty.default;
export { export_default as defaultImport, import_star_empty as staImport };
```
