---
source: crates/rolldown/tests/common/case.rs
expression: content
input_file: crates/rolldown/tests/fixtures/deconflict/default_function
---
# Assets

## main.mjs

```js
import { default as assert } from "assert";

//#region foo.js
const a$1 = 1;
function foo$1(a$1$1) {
	console.log(a$1$1, a$1);
}

//#endregion

//#region bar.js
var bar_default = {
	foo:foo$1
};

//#endregion

//#region main.js
const a = 2;
const {foo} = bar_default;
assert.strictEqual(typeof foo, 'function');

//#endregion

//# sourceMappingURL=main.mjs.map
```

# Sourcemap Visualizer

- ../foo.js
(0:0-0:6) "const " --> (3:0-3:6) "\nconst"
(0:6-0:10) "a = " --> (3:6-3:12) " a$1 ="
(0:10-2:15) "1;\n\nexport default" --> (3:12-4:0) " 1;"
(2:15-2:24) " function" --> (4:0-4:9) "\nfunction"
(2:24-2:28) " foo" --> (4:9-4:15) " foo$1"
(2:28-2:33) "(a$1)" --> (4:15-4:22) "(a$1$1)"
(2:33-3:4) " {\n   " --> (4:22-5:0) " {"
(3:4-3:12) " console" --> (5:0-5:9) "\n\tconsole"
(3:12-3:16) ".log" --> (5:9-5:13) ".log"
(3:16-3:21) "(a$1," --> (5:13-5:20) "(a$1$1,"
(3:21-3:23) " a" --> (5:20-5:24) " a$1"
(3:23-4:1) ")\n" --> (5:24-6:0) ");"
(4:1-4:2) "}" --> (6:0-11:0) "\n}\n\n//#endregion\n\n//#region bar.js"
- ../bar.js
(0:0-2:15) "import foo from './foo'\n\nexport default" --> (11:0-11:18) "\nvar bar_default ="
(2:15-2:17) " {" --> (11:18-12:1) " {\n"
(2:17-2:22) " foo " --> (12:1-13:1) "\tfoo:foo$1\n"
(2:22-2:23) "}" --> (13:1-18:0) "};\n\n//#endregion\n\n//#region main.js"
- ../main.js
(3:0-3:6) "\nconst" --> (18:0-18:6) "\nconst"
(3:6-3:10) " a =" --> (18:6-18:10) " a ="
(3:10-5:0) " 2; // make foo `a` conflict\n" --> (18:10-19:0) " 2;"
(5:0-5:6) "\nconst" --> (19:0-19:6) "\nconst"
(5:6-5:8) " {" --> (19:6-19:7) " "
(5:8-5:13) " foo " --> (19:7-19:11) "{foo"
(5:13-5:16) "} =" --> (19:11-19:14) "} ="
(5:16-7:0) " bar\n" --> (19:14-20:0) " bar_default;"
(7:0-7:7) "\nassert" --> (20:0-20:7) "\nassert"
(7:7-7:26) ".strictEqual(typeof" --> (20:7-20:26) ".strictEqual(typeof"
(7:26-7:31) " foo," --> (20:26-20:31) " foo,"
(7:31-7:42) " 'function'" --> (20:31-20:42) " 'function'"
(7:42-7:43) ")" --> (20:42-24:34) ");\n\n//#endregion\n\n//# sourceMappingURL=main.mjs.map"
