---
source: crates/rolldown/tests/common/case.rs
expression: content
input_file: crates/rolldown/tests/esbuild/lower/ts_lower_private_static_members2015_no_bundle
---
# Assets

## entry_ts.mjs

```js

```
