---
source: crates/rolldown/tests/common/case.rs
expression: content
input_file: crates/rolldown/tests/esbuild/import_star/import_star_export_star_omit_ambiguous
---
# Assets

## entry_js.mjs

```js
import { __export } from "./$runtime$.mjs";

// common.js
var common_ns = {};
__export(common_ns, {});

// entry.js
console.log(common_ns);
```
