---
source: crates/rolldown/tests/common/case.rs
expression: content
input_file: crates/rolldown/tests/esbuild/lower/ts_lower_class_field_strict_tsconfig_json2020
---
# Assets

## entry_js.mjs

```js

//#region loose/index.ts
class loose_index_default {
	foo;

}

//#endregion
//#region strict/index.ts
class strict_index_default {
	foo;

}

//#endregion
//#region entry.js
console.log(loose_index_default, strict_index_default);

//#endregion
```
