---
source: crates/rolldown_testing/src/case/case.rs
expression: content
input_file: crates/rolldown/tests/esbuild/bundler_ts/ts_minify_namespace_no_arrow
---
# Assets

## a_ts.mjs

```js

//#region a.ts
let Foo;
(function(_Foo) {
	let Bar;
	(function(_Bar) {
		foo(Foo, Bar);
	})(Bar || (Bar = _Foo.Bar || (_Foo.Bar = {})));
})(Foo || (Foo = {}));

//#endregion
```
## b_ts.mjs

```js

//#region b.ts
let Foo;
(function(_Foo) {
	let Bar;
	(function(_Bar) {
		foo(Foo, Bar);
	})(Bar || (Bar = _Foo.Bar || (_Foo.Bar = {})));
})(Foo || (Foo = {}));

//#endregion
export { Foo };
```
