---
source: crates/rolldown/tests/common/case.rs
expression: content
input_file: crates/rolldown/tests/esbuild/lower/lower_optional_catch_name_collision_no_bundle
---
# Assets

## entry_js.mjs

```js

//#region entry.js
try{
}catch{
	var e, e2;
}var e3;

//#endregion
```
