---
source: crates/rolldown/tests/common/case.rs
expression: content
input_file: crates/rolldown/tests/fixtures/cjs_compat/mix-cjs-esm
---
# Assets

## main.mjs

```js
import { __commonJSMin, __toESM } from "./$runtime$.mjs";

//#region esm-export-cjs-export.js
module.exports = 1;

//#endregion

//#region foo.js
var require_foo = __commonJSMin((exports, module) => {
});

//#endregion

//#region esm-export-cjs-require.js
require_foo();

//#endregion

//#region esm-import-cjs-export.js
var require_esm_import_cjs_export = __commonJSMin((exports, module) => {
	var import_foo = __toESM(require_foo());
	module.exports = 1;
});

//#endregion

//#region cjs.js
var require_cjs = __commonJSMin((exports, module) => {
	module.exports = 1;
});

//#endregion

//#region esm-import-cjs-require.js
var import_cjs = __toESM(require_cjs());
require_foo();
console.log(import_cjs.a);

//#endregion

//#region main.js
var import_esm_import_cjs_export = __toESM(require_esm_import_cjs_export());

//#endregion

//# sourceMappingURL=main.mjs.map
```

# Sourcemap Visualizer

- ../esm-export-cjs-export.js
(0:0-0:7) "module." --> (3:0-3:7) "\nmodule"
(0:7-0:17) "exports = " --> (3:7-3:17) ".exports ="
(0:17-1:24) "1;\nexport const value = 1;" --> (3:17-8:0) " 1;\n\n//#endregion\n\n//#region foo.js"
- ../foo.js
(0:0-0:0) "" --> (8:0-14:0) "\nvar require_foo = __commonJSMin((exports, module) => {\n});\n\n//#endregion\n\n//#region esm-export-cjs-require.js"
- ../esm-export-cjs-require.js
(0:0-1:24) "require('./foo')\nexport const value = 1;" --> (14:0-19:0) "\nrequire_foo();\n\n//#endregion\n\n//#region esm-import-cjs-export.js"
- ../esm-import-cjs-export.js
(0:0-1:0) "import './foo'" --> (19:0-21:0) "\nvar require_esm_import_cjs_export = __commonJSMin((exports, module) => {\n\tvar import_foo = __toESM(require_foo());"
(1:0-1:7) "\nmodule" --> (21:0-21:8) "\n\tmodule"
(1:7-1:17) ".exports =" --> (21:8-21:18) ".exports ="
(1:17-1:19) " 1" --> (21:18-27:0) " 1;\n});\n\n//#endregion\n\n//#region cjs.js"
- ../cjs.js
(0:0-0:7) "module." --> (27:0-28:8) "\nvar require_cjs = __commonJSMin((exports, module) => {\n\tmodule"
(0:7-0:17) "exports = " --> (28:8-28:18) ".exports ="
(0:17-0:19) "1;" --> (28:18-34:0) " 1;\n});\n\n//#endregion\n\n//#region esm-import-cjs-require.js"
- ../esm-import-cjs-require.js
(0:0-1:0) "import { a } from './cjs'" --> (34:0-35:0) "\nvar import_cjs = __toESM(require_cjs());"
(1:0-2:0) "\nrequire('./foo')" --> (35:0-36:0) "\nrequire_foo();"
(2:0-2:8) "\nconsole" --> (36:0-36:8) "\nconsole"
(2:8-2:14) ".log(a" --> (36:8-36:25) ".log(import_cjs.a"
(2:14-2:15) ")" --> (36:25-41:0) ");\n\n//#endregion\n\n//#region main.js"
(0:0-3:34) "import \"./esm-export-cjs-export\"\nimport \"./esm-export-cjs-require\"\nimport \"./esm-import-cjs-export\"\nimport \"./esm-import-cjs-require\"" --> (41:0-45:34) "\nvar import_esm_import_cjs_export = __toESM(require_esm_import_cjs_export());\n\n//#endregion\n\n//# sourceMappingURL=main.mjs.map"
