---
source: crates/rolldown/tests/common/case.rs
expression: content
input_file: crates/rolldown/tests/esbuild/lower/lower_class_field2020_no_bundle
---
# Assets

## entry_js.mjs

```js

//#region entry.js
class Foo {
	#foo=123;

	#bar;

	foo=123;

	bar;

	static #s_foo=123;

	static #s_bar;

	static s_foo=123;

	static s_bar;

}

//#endregion
```
