---
source: crates/rolldown/tests/common/case.rs
expression: content
input_file: crates/rolldown/tests/esbuild/lower/lower_private_field_assignments2019_no_bundle
---
# Assets

## entry_js.mjs

```js

//#region entry.js
class Foo {
	#x;

	unary(){
		this.#x++;
		this.#x--;
		 ++this.#x;
		 --this.#x;
	}
	binary(){
		this.#x = 1;
		this.#x += 1;
		this.#x -= 1;
		this.#x *= 1;
		this.#x /= 1;
		this.#x %= 1;
		this.#x **= 1;
		this.#x <<= 1;
		this.#x >>= 1;
		this.#x >>>= 1;
		this.#x &= 1;
		this.#x |= 1;
		this.#x ^= 1;
		this.#x &&= 1;
		this.#x ||= 1;
		this.#x ??= 1;
	}
}

//#endregion
```
