---
source: crates/rolldown/tests/common/case.rs
expression: content
input_file: crates/rolldown/tests/fixtures/function/format/cjs/import_export_unicode
---
# Assets

## main.cjs

```js
//#region foo.js
const devil = 'devil';

//#endregion

exports['ðŸ˜ˆ'] = devil;
```
