---
source: crates/rolldown/tests/common/case.rs
expression: content
input_file: crates/rolldown/tests/esbuild/lower/class_super_this_issue242_no_bundle
---
# Assets

## entry_ts.mjs

```js

//#region entry.ts
class A {
}
class B extends A {
	#e;

	constructor(c){
		super();
		this.#e = c.d ?? 'test';
	}
	f(){
		return this.#e;
	}
}

//#endregion
export { A, B };
```
