---
source: crates/rolldown/tests/common/case.rs
expression: content
input_file: crates/rolldown/tests/fixtures/tree_shaking/advanced_barrel_exports2
---
# Assets

## main.mjs

```js
import { __export } from "./$runtime$.mjs";

// a.js
var a_ns = {};
__export(a_ns, {
	b:() => b
});
const b = 500;

// shared.js
var shared_ns = {};
__export(shared_ns, {});

// main.js
console.log(shared_ns.a.b);
```
