---
source: crates/rolldown/tests/common/case.rs
expression: content
input_file: crates/rolldown/tests/esbuild/lower/lower_using_unsupported_async
---
# Assets

## entry_js.mjs

```js

```
## loops_js.mjs

```js

//#region loops.js
for (using a of  b) c(() => a);
;if (nested) {
	for (using a of  b) 	c(() => a);
}

//#endregion
```
## switch_js.mjs

```js

//#region switch.js
using x = y
;switch(foo){
	case 0:
using c = d
;	default:
using e = f
}
async function foo() {
using x$1 = y
;	switch(foo){
		case 0:
using c = d
;		default:
using e = f
	}
	switch(foo){
		case 0:
await using c = d
;		default:
using e = f
	}
}

//#endregion
```
