---
source: crates/rolldown_testing/src/integration_test.rs
expression: snapshot
input_file: crates/rolldown/tests/fixtures/semantic/export_star_from_external_as_shared_entries
---
# Assets

## entry.mjs

```js
import "./main.mjs";

export * from "node:fs"

```
## entry2.mjs

```js
import "./main.mjs";

export * from "node:fs"

```
## main.mjs

```js
import "node:fs";

```
