---
source: crates/rolldown/tests/common/case.rs
expression: content
input_file: crates/rolldown/tests/fixtures/misc/object_shorthand_property
---
# Assets

## main.mjs

```js
import { default as assert } from "assert";

//#region foo.js
var foo_default = 'foo';

//#endregion

//#region main.js
const value = {
	foo:foo_default
};
assert.strictEqual(value.foo, 'foo');

//#endregion

//# sourceMappingURL=main.mjs.map
```

# Sourcemap Visualizer

- ../foo.js
(0:0-0:15) "export default " --> (3:0-3:18) "\nvar foo_default ="
(0:15-0:20) "'foo'" --> (3:18-8:0) " 'foo';\n\n//#endregion\n\n//#region main.js"
- ../main.js
(3:0-3:6) "\nconst" --> (8:0-8:6) "\nconst"
(3:6-3:14) " value =" --> (8:6-8:14) " value ="
(3:14-3:16) " {" --> (8:14-9:1) " {\n"
(3:16-3:21) " foo " --> (9:1-10:1) "\tfoo:foo_default\n"
(3:21-5:0) "}\n" --> (10:1-11:0) "};"
(5:0-5:7) "\nassert" --> (11:0-11:7) "\nassert"
(5:7-5:19) ".strictEqual" --> (11:7-11:19) ".strictEqual"
(5:19-5:25) "(value" --> (11:19-11:25) "(value"
(5:25-5:30) ".foo," --> (11:25-11:30) ".foo,"
(5:30-5:36) " 'foo'" --> (11:30-11:36) " 'foo'"
(5:36-5:37) ")" --> (11:36-15:34) ");\n\n//#endregion\n\n//# sourceMappingURL=main.mjs.map"
