---
source: crates/rolldown/tests/common/case.rs
expression: content
input_file: crates/rolldown/tests/fixtures/function/format/app/multiple_entry_modules
---
# Assets

## cube.mjs

```js
//#region square.js
__rolldown_define__('square.js', (module, exports) => {
	var __rolldown_default_export__ = function square(x) {
		return x * x;
	};
	module.exports = {default: __rolldown_default_export__};
});

//#endregion
//#region cube.js
__rolldown_define__('cube.js', (module, exports) => {
	var { default: square } = __static_import('square.js');
	var __rolldown_default_export__ = function cube(x) {
		return square(x) * x;
	};
	module.exports = {default: __rolldown_default_export__};
});

//#endregion
```
## main.mjs

```js
//#region hyper-cube.js
__rolldown_define__('hyper-cube.js', (module, exports, __rolldown_runtime__) => {
	var { default: cube } = __rolldown_runtime__.__static_import('cube.js');
	var __rolldown_default_export__ = function hyperCube(x) {
		return cube(x) * x;
	};
	module.exports = {default: __rolldown_default_export__};
});

//#endregion
//#region main.js
__rolldown_define__('main.js', (module, exports) => {
	var { default: hyperCube } = __static_import('hyper-cube.js');
	console.log(hyperCube(5));
	module.exports = {};
});

//#endregion
```
## other-entry.mjs

```js
//#region other-entry.js
__rolldown_define__('other-entry.js', (module, exports) => {
	var { default: cube } = __static_import('cube.js');
	console.log(cube(5));
	module.exports = {};
});

//#endregion
```
